<?xml version="1.0" encoding="utf-8"?><testsuites><testsuite name="pytest" errors="0" failures="0" skipped="0" tests="131" time="4.198" timestamp="2023-07-11T04:22:20.882241" hostname="Errie"><testcase classname="modeltranslation.tests.tests.TestAutodiscover" name="test_duplication" time="0.617" /><testcase classname="modeltranslation.tests.tests.TestAutodiscover" name="test_global" time="0.008" /><testcase classname="modeltranslation.tests.tests.TestAutodiscover" name="test_simple" time="0.008" /><testcase classname="modeltranslation.tests.tests.ModeltranslationTest" name="test_constructor" time="0.004" /><testcase classname="modeltranslation.tests.tests.ModeltranslationTest" name="test_descriptor_introspection" time="0.001" /><testcase classname="modeltranslation.tests.tests.ModeltranslationTest" name="test_fallback_language" time="0.003" /><testcase classname="modeltranslation.tests.tests.ModeltranslationTest" name="test_fallback_values_1" time="0.003" /><testcase classname="modeltranslation.tests.tests.ModeltranslationTest" name="test_fallback_values_2" time="0.003" /><testcase classname="modeltranslation.tests.tests.ModeltranslationTest" name="test_fields" time="0.002" /><testcase classname="modeltranslation.tests.tests.ModeltranslationTest" name="test_fields_hashes" time="0.001" /><testcase classname="modeltranslation.tests.tests.ModeltranslationTest" name="test_registration" time="0.002" /><testcase classname="modeltranslation.tests.tests.ModeltranslationTest" name="test_registration_field_conflicts" time="0.002" /><testcase classname="modeltranslation.tests.tests.ModeltranslationTest" name="test_set_translation" time="0.005" /><testcase classname="modeltranslation.tests.tests.ModeltranslationTest" name="test_update_or_create_existing" time="0.003" /><testcase classname="modeltranslation.tests.tests.ModeltranslationTest" name="test_update_or_create_new" time="0.005" /><testcase classname="modeltranslation.tests.tests.ModeltranslationTest" name="test_verbose_name" time="0.002" /><testcase classname="modeltranslation.tests.tests.FallbackTests" name="test_fallback_languages" time="0.003" /><testcase classname="modeltranslation.tests.tests.FallbackTests" name="test_fallback_undefined" time="0.003" /><testcase classname="modeltranslation.tests.tests.FallbackTests" name="test_fallbacks_toggle" time="0.002" /><testcase classname="modeltranslation.tests.tests.FallbackTests" name="test_resolution_order" time="0.002" /><testcase classname="modeltranslation.tests.tests.FallbackTests" name="test_settings" time="0.003" /><testcase classname="modeltranslation.tests.tests.FileFieldsTest" name="test_empty_field" time="0.003" /><testcase classname="modeltranslation.tests.tests.FileFieldsTest" name="test_fallback" time="0.004" /><testcase classname="modeltranslation.tests.tests.FileFieldsTest" name="test_translated_models" time="0.002" /><testcase classname="modeltranslation.tests.tests.FileFieldsTest" name="test_translated_models_instance" time="0.008" /><testcase classname="modeltranslation.tests.tests.ForeignKeyFieldsTest" name="test_db_column_names" time="0.002" /><testcase classname="modeltranslation.tests.tests.ForeignKeyFieldsTest" name="test_indonesian" time="0.001" /><testcase classname="modeltranslation.tests.tests.ForeignKeyFieldsTest" name="test_non_translated_relation" time="0.020" /><testcase classname="modeltranslation.tests.tests.ForeignKeyFieldsTest" name="test_reverse_lookup_with_filtered_queryset_manager" time="0.004" /><testcase classname="modeltranslation.tests.tests.ForeignKeyFieldsTest" name="test_reverse_relations" time="0.041" /><testcase classname="modeltranslation.tests.tests.ForeignKeyFieldsTest" name="test_translated_models" time="0.002" /><testcase classname="modeltranslation.tests.tests.ForeignKeyFieldsTest" name="test_translated_models_instance" time="0.016" /><testcase classname="modeltranslation.tests.tests.ManyToManyFieldsTest" name="test_db_column_names" time="0.002" /><testcase classname="modeltranslation.tests.tests.ManyToManyFieldsTest" name="test_reverse_relations" time="0.039" /><testcase classname="modeltranslation.tests.tests.ManyToManyFieldsTest" name="test_translated_models" time="0.002" /><testcase classname="modeltranslation.tests.tests.ManyToManyFieldsTest" name="test_translated_models_instance" time="0.045" /><testcase classname="modeltranslation.tests.tests.OneToOneFieldsTest" name="test_db_column_names" time="0.002" /><testcase classname="modeltranslation.tests.tests.OneToOneFieldsTest" name="test_indonesian" time="0.001" /><testcase classname="modeltranslation.tests.tests.OneToOneFieldsTest" name="test_non_translated_relation" time="0.017" /><testcase classname="modeltranslation.tests.tests.OneToOneFieldsTest" name="test_reverse_lookup_with_filtered_queryset_manager" time="0.004" /><testcase classname="modeltranslation.tests.tests.OneToOneFieldsTest" name="test_reverse_relations" time="0.020" /><testcase classname="modeltranslation.tests.tests.OneToOneFieldsTest" name="test_translated_models" time="0.002" /><testcase classname="modeltranslation.tests.tests.OneToOneFieldsTest" name="test_translated_models_instance" time="0.015" /><testcase classname="modeltranslation.tests.tests.OneToOneFieldsTest" name="test_uniqueness" time="0.003" /><testcase classname="modeltranslation.tests.tests.OtherFieldsTest" name="test_dates_queryset" time="0.006" /><testcase classname="modeltranslation.tests.tests.OtherFieldsTest" name="test_descriptors" time="0.004" /><testcase classname="modeltranslation.tests.tests.OtherFieldsTest" name="test_translated_models" time="0.003" /><testcase classname="modeltranslation.tests.tests.OtherFieldsTest" name="test_translated_models_boolean_instance" time="0.002" /><testcase classname="modeltranslation.tests.tests.OtherFieldsTest" name="test_translated_models_date_instance" time="0.005" /><testcase classname="modeltranslation.tests.tests.OtherFieldsTest" name="test_translated_models_datetime_instance" time="0.004" /><testcase classname="modeltranslation.tests.tests.OtherFieldsTest" name="test_translated_models_decimal_instance" time="0.003" /><testcase classname="modeltranslation.tests.tests.OtherFieldsTest" name="test_translated_models_float_instance" time="0.002" /><testcase classname="modeltranslation.tests.tests.OtherFieldsTest" name="test_translated_models_genericipaddress_instance" time="0.003" /><testcase classname="modeltranslation.tests.tests.OtherFieldsTest" name="test_translated_models_integer_instance" time="0.003" /><testcase classname="modeltranslation.tests.tests.OtherFieldsTest" name="test_translated_models_time_instance" time="0.004" /><testcase classname="modeltranslation.tests.tests.ModeltranslationTestRule1" name="test_rule1" time="0.005" /><testcase classname="modeltranslation.tests.tests.ModeltranslationTestRule1" name="test_rule1_email_field" time="0.003" /><testcase classname="modeltranslation.tests.tests.ModeltranslationTestRule1" name="test_rule1_url_field" time="0.003" /><testcase classname="modeltranslation.tests.tests.ModeltranslationTestRule2" name="test_rule2" time="0.004" /><testcase classname="modeltranslation.tests.tests.ModeltranslationTestRule2" name="test_rule2_email_field" time="0.003" /><testcase classname="modeltranslation.tests.tests.ModeltranslationTestRule2" name="test_rule2_url_field" time="0.003" /><testcase classname="modeltranslation.tests.tests.ModeltranslationTestRule3" name="test_rule3" time="0.003" /><testcase classname="modeltranslation.tests.tests.ModeltranslationTestRule3" name="test_rule3_internals" time="0.002" /><testcase classname="modeltranslation.tests.tests.ModelValidationTest" name="test_model_validation_email_field" time="0.006" /><testcase classname="modeltranslation.tests.tests.ModelValidationTest" name="test_model_validation_required" time="0.004" /><testcase classname="modeltranslation.tests.tests.ModelValidationTest" name="test_model_validation_url_field" time="0.063" /><testcase classname="modeltranslation.tests.tests.ModelInheritanceTest" name="test_abstract_inheritance" time="0.002" /><testcase classname="modeltranslation.tests.tests.ModelInheritanceTest" name="test_inheritance" time="0.002" /><testcase classname="modeltranslation.tests.tests.ModelInheritanceTest" name="test_multitable_inheritance" time="0.002" /><testcase classname="modeltranslation.tests.tests.ModelInheritanceFieldAggregationTest" name="test_field_aggregation" time="0.002" /><testcase classname="modeltranslation.tests.tests.ModelInheritanceFieldAggregationTest" name="test_multi_inheritance" time="0.002" /><testcase classname="modeltranslation.tests.tests.UpdateCommandTest" name="test_update_command" time="0.047" /><testcase classname="modeltranslation.tests.tests.UpdateCommandTest" name="test_update_command_invalid_language_param" time="0.003" /><testcase classname="modeltranslation.tests.tests.UpdateCommandTest" name="test_update_command_language_param" time="0.042" /><testcase classname="modeltranslation.tests.tests.UpdateCommandTest" name="test_update_command_with_json_field" time="0.009" /><testcase classname="modeltranslation.tests.tests.TranslationAdminTest" name="test_build_css_class" time="0.010" /><testcase classname="modeltranslation.tests.tests.TranslationAdminTest" name="test_default_fields" time="0.011" /><testcase classname="modeltranslation.tests.tests.TranslationAdminTest" name="test_default_fieldsets" time="0.010" /><testcase classname="modeltranslation.tests.tests.TranslationAdminTest" name="test_field_arguments" time="0.009" /><testcase classname="modeltranslation.tests.tests.TranslationAdminTest" name="test_field_arguments_restricted_on_custom_form" time="0.019" /><testcase classname="modeltranslation.tests.tests.TranslationAdminTest" name="test_field_arguments_restricted_on_form" time="0.018" /><testcase classname="modeltranslation.tests.tests.TranslationAdminTest" name="test_group_fieldsets" time="0.013" /><testcase classname="modeltranslation.tests.tests.TranslationAdminTest" name="test_inline_fieldsets" time="0.009" /><testcase classname="modeltranslation.tests.tests.TranslationAdminTest" name="test_list_editable" time="0.008" /><testcase classname="modeltranslation.tests.tests.TranslationAdminTest" name="test_model_form_widgets" time="0.011" /><testcase classname="modeltranslation.tests.tests.TranslationAdminTest" name="test_multitable_inheritance" time="0.010" /><testcase classname="modeltranslation.tests.tests.TranslationAdminTest" name="test_prepopulated_fields" time="0.010" /><testcase classname="modeltranslation.tests.tests.TranslationAdminTest" name="test_proxymodel_field_argument" time="0.009" /><testcase classname="modeltranslation.tests.tests.TranslationAdminTest" name="test_widget_classes_appended_by_formfield_for_dbfield" time="0.012" /><testcase classname="modeltranslation.tests.tests.TranslationAdminTest" name="test_widget_ordering_via_formfield_for_dbfield" time="0.010" /><testcase classname="modeltranslation.tests.tests.ThirdPartyAppIntegrationTest" name="test_form" time="0.003" /><testcase classname="modeltranslation.tests.tests.ThirdPartyAppIntegrationRegisteredTest" name="test_form" time="0.004" /><testcase classname="modeltranslation.tests.tests.TestManager" name="test_3rd_party_custom_manager" time="0.002" /><testcase classname="modeltranslation.tests.tests.TestManager" name="test_constructor_inheritance" time="0.002" /><testcase classname="modeltranslation.tests.tests.TestManager" name="test_creation" time="0.003" /><testcase classname="modeltranslation.tests.tests.TestManager" name="test_creation_population" time="0.007" /><testcase classname="modeltranslation.tests.tests.TestManager" name="test_custom_manager" time="0.004" /><testcase classname="modeltranslation.tests.tests.TestManager" name="test_custom_manager2" time="0.002" /><testcase classname="modeltranslation.tests.tests.TestManager" name="test_custom_manager_custom_method_name" time="0.002" /><testcase classname="modeltranslation.tests.tests.TestManager" name="test_default_manager_for_inherited_models" time="0.002" /><testcase classname="modeltranslation.tests.tests.TestManager" name="test_default_manager_for_inherited_models_with_custom_manager" time="0.001" /><testcase classname="modeltranslation.tests.tests.TestManager" name="test_deferred" time="0.029" /><testcase classname="modeltranslation.tests.tests.TestManager" name="test_deferred_fk" time="0.006" /><testcase classname="modeltranslation.tests.tests.TestManager" name="test_deferred_rule2" time="0.003" /><testcase classname="modeltranslation.tests.tests.TestManager" name="test_deferred_spanning" time="0.004" /><testcase classname="modeltranslation.tests.tests.TestManager" name="test_distinct" time="0.005" /><testcase classname="modeltranslation.tests.tests.TestManager" name="test_f" time="0.004" /><testcase classname="modeltranslation.tests.tests.TestManager" name="test_filter_update" time="0.009" /><testcase classname="modeltranslation.tests.tests.TestManager" name="test_fixture_population" time="0.011" /><testcase classname="modeltranslation.tests.tests.TestManager" name="test_fixture_population_via_command" time="0.010" /><testcase classname="modeltranslation.tests.tests.TestManager" name="test_get_or_create_population" time="0.004" /><testcase classname="modeltranslation.tests.tests.TestManager" name="test_latest" time="0.003" /><testcase classname="modeltranslation.tests.tests.TestManager" name="test_multilingual_queryset_pickling" time="0.004" /><testcase classname="modeltranslation.tests.tests.TestManager" name="test_non_objects_manager" time="0.001" /><testcase classname="modeltranslation.tests.tests.TestManager" name="test_order_by" time="0.005" /><testcase classname="modeltranslation.tests.tests.TestManager" name="test_order_by_meta" time="0.004" /><testcase classname="modeltranslation.tests.tests.TestManager" name="test_order_by_reset" time="0.002" /><testcase classname="modeltranslation.tests.tests.TestManager" name="test_q" time="0.005" /><testcase classname="modeltranslation.tests.tests.TestManager" name="test_select_related" time="0.006" /><testcase classname="modeltranslation.tests.tests.TestManager" name="test_translation_fields_appending" time="0.002" /><testcase classname="modeltranslation.tests.tests.TestManager" name="test_values" time="0.014" /><testcase classname="modeltranslation.tests.tests.TestManager" name="test_values_fallback" time="0.011" /><testcase classname="modeltranslation.tests.tests.TestManager" name="test_values_list_annotation" time="0.003" /><testcase classname="modeltranslation.tests.tests.TestManager" name="test_values_with_expressions" time="0.007" /><testcase classname="modeltranslation.tests.tests.TranslationModelFormTest" name="test_fields" time="0.003" /><testcase classname="modeltranslation.tests.tests.TranslationModelFormTest" name="test_updating_with_empty_value" time="0.004" /><testcase classname="modeltranslation.tests.tests.ProxyModelTest" name="test_equality" time="0.004" /><testcase classname="modeltranslation.tests.tests.TestRequired" name="test_required" time="0.003" /><testcase classname="modeltranslation.tests.tests.M2MTest" name="test_m2m" time="0.007" /><testcase classname="modeltranslation.tests.tests.InheritedPermissionTestCase" name="test_managers_failure" time="0.006" /><testcase classname="modeltranslation.tests.tests.ModeltranslationTransactionTest" name="test_unique_nullable_field" time="0.063" /></testsuite></testsuites>